../Core/Src/main.c:75:5:main	136	static
../Core/Src/main.c:166:6:SystemClock_Config	72	static
../Core/Src/main.c:203:13:MX_GPIO_Init	32	static
../Core/Src/main.c:227:6:accessSharedData	8	static
../Core/Src/main.c:251:6:StartDefaultTask	16	static
../Core/Src/main.c:269:6:GreenLedTask	16	static
../Core/Src/main.c:295:6:RedLedTask	16	static
../Core/Src/main.c:320:6:OrangeLedTask	16	static
../Core/Src/main.c:340:6:HAL_TIM_PeriodElapsedCallback	16	static
../Core/Src/main.c:357:6:Error_Handler	4	static,ignoring_inline_asm
